current directory: /Users/gesha/environment/test_task/vendor/bundle /ruby/3.4.0/gems/json-2.17.0/ext/json/ext/parser
/Users/gesha/.rbenv/versions/3.4.7/bin/ruby extconf.rb
checking for rb_enc_interned_str() in ruby/encoding.h... yes
checking for rb_str_to_interned_str() in ruby.h... yes
checking for rb_hash_new_capa() in ruby.h... yes
checking for rb_hash_bulk_insert() in ruby.h... yes
checking for whether -std=c99 is accepted as CFLAGS... yes
checking for arm_neon.h... yes
checking for cpuid.h... no
creating Makefile

current directory: /Users/gesha/environment/test_task/vendor/bundle /ruby/3.4.0/gems/json-2.17.0/ext/json/ext/parser
make DESTDIR\= sitearchdir\=./.gem.20251203-80224-7jp3ga sitelibdir\=./.gem.20251203-80224-7jp3ga clean

current directory: /Users/gesha/environment/test_task/vendor/bundle /ruby/3.4.0/gems/json-2.17.0/ext/json/ext/parser
make DESTDIR\= sitearchdir\=./.gem.20251203-80224-7jp3ga sitelibdir\=./.gem.20251203-80224-7jp3ga
compiling parser.c
linking shared-object json/ext/parser.bundle

current directory: /Users/gesha/environment/test_task/vendor/bundle /ruby/3.4.0/gems/json-2.17.0/ext/json/ext/parser
make DESTDIR\= sitearchdir\=./.gem.20251203-80224-7jp3ga sitelibdir\=./.gem.20251203-80224-7jp3ga install
/opt/homebrew/bin/ginstall -c -m 0755 parser.bundle ./.gem.20251203-80224-7jp3ga/json/ext

current directory: /Users/gesha/environment/test_task/vendor/bundle /ruby/3.4.0/gems/json-2.17.0/ext/json/ext/parser
make DESTDIR\= sitearchdir\=./.gem.20251203-80224-7jp3ga sitelibdir\=./.gem.20251203-80224-7jp3ga clean
